 clyde · ~/projects/claude-companion · opus 4.7       1h 24m  47k tok 
──────────────────────────────────────────────────────────────────────
╭ now ───────────────────────────────────────────────────────────────╮
│    /\_/\   ○ edit auth.ts                                          │
│   ( o.o )  14 lines staged · line 46                               │
│   /(   )\                                                          │
│    _"_"_                                                           │
╰────────────────────────────────────────────────────────────────────╯
╭ ▸ activity: 9 done · 3 active · 1 subagent─────────────────────────╮
╰────────────────────────────────────────────────────────────────────╯
╭ ▸ usage: 23% · 200k · Max 5x───────────────────────────────────────╮
╰────────────────────────────────────────────────────────────────────╯
──────────────────────────────────────────────────────────────────────
 h commands                                              v0.6.0-proto 