 clyde · ~/projects/claude-companion · opus 4.7                                                                   1h 24m  47k tok 
──────────────────────────────────────────────────────────────────────────────────────────────────────────────────────────────────
╭ explorer ─────────────────────────────────── 8 ╮╭ now ─────────────────────────────────────────────────────────────────────────╮
│ ⌕  press / to search                           ││    /\_/\   ○ edit auth.ts                                                    │
│ modified 4                                     ││   ( o.o )  14 lines staged · line 46                                         │
│ M api/auth.ts                           +14 −3 ││   /(   )\                                                                    │
│ M ui/Sidebar.tsx                       +28 −12 ││    _"_"_                                                                     │
│ + ui/Mascot.tsx                            +47 │╰──────────────────────────────────────────────────────────────────────────────╯
│ M package.json                              +2 │╭ ▸ activity: 9 done · 3 active · 1 subagent───────────────────────────────────╮
│ ····················                           │╰──────────────────────────────────────────────────────────────────────────────╯
│ tree                                           │╔ usage ════════════════════════════════════ ▲▼ scroll · +/− resize · esc back ╗
│ ▶ src                                          │║ plan  Max 5x                                                                 ║
│ ▶ tests                                        │║ session ctx                                                              23% ║
│ ▶ public                                       │║ ▌▌▌▌▌▌▌▌▌▌▌▌▌▌▌▌▌░░░░░░░░░░░░░░░░░░░░░░░░░░░░░░░░░░░░░░░░░░░░░░░░░░░░░░░░░░░ ║
│   ▤ README.md                                  │║                                                             47k / 200k (23%) ║
│ M ◇ package.json                               │║ 5h session                                                               49% ║
│   ◇ tsconfig.json                              │║ ▌▌▌▌▌▌▌▌▌▌▌▌▌▌▌▌▌▌▌▌▌▌▌▌▌▌▌▌▌▌▌▌▌▌▌▌▌░░░░░░░░░░░░░░░░░░░░░░░░░░░░░░░░░░░░░░░ ║
│   ◇ .gitignore                                 │║                                                  186k tokens · resets 1h 31m ║
│   ◆ vite.config.ts                             │║ weekly · all models                                                      79% ║
│                                                │║ ▌▌▌▌▌▌▌▌▌▌▌▌▌▌▌▌▌▌▌▌▌▌▌▌▌▌▌▌▌▌▌▌▌▌▌▌▌▌▌▌▌▌▌▌▌▌▌▌▌▌▌▌▌▌▌▌▌▌▌▌░░░░░░░░░░░░░░░░ ║
│                                                │║                                                   1.5M tokens · resets 2d 7h ║
│                                                │║ next reset                                                            1h 31m ║
│                                                │║ ▌▌▌▌▌▌▌▌▌▌▌▌▌▌▌▌▌▌▌▌▌▌▌▌▌▌▌▌▌▌▌▌▌▌▌▌▌░░░░░░░░░░░░░░░░░░░░░░░░░░░░░░░░░░░░░░░ ║
│                                                │╚══════════════════════════════════════════════════════════════════════════════╝
╰────────────────────────────────────────────────╯                                                                                
╭ servers ──────────────────────────────── 5 / 7 ╮                                                                                
│ mcps · 3 / 4                                   │                                                                                
│ ● filesystem                                12 │                                                                                
│ ● github                                     8 │                                                                                
│ ● memory                                     3 │                                                                                
│     + 1 more                                   │                                                                                
│ ················                               │                                                                                
│ lsps · 2 / 3                                   │                                                                                
│ ● tsserver                                     │                                                                                
│ ● rust-analyzer                                │                                                                                
│ ● pylsp                                        │                                                                                
│                                                │                                                                                
╰────────────────────────────────────────────────╯                                                                                
──────────────────────────────────────────────────────────────────────────────────────────────────────────────────────────────────
 h commands                                                                                                          v0.6.0-proto 