 clyde · ~/projects/claude-companion · opus 4.7                                                                   1h 24m  47k tok 
──────────────────────────────────────────────────────────────────────────────────────────────────────────────────────────────────
╭ explorer ─────────────────────────────────── 8 ╮╭ viewer ─────────────────────────────────────────────────────────── esc close ╮
│ ⌕  press / to search                           ││ ▦ logo.png  public/logo.png  (image preview — demo)                          │
│ modified 4                                     ││ ──────────────────────────────────────────────────────────────────────────── │
│ M api/auth.ts                           +14 −3 ││ ▓▓▓▓▓▓▓▓▓▓▓▓▓▓▓▓▓▓▓▓▒▓▓▓▓▓▓▓▒▒▓▓▓▓▓▓▒▒▒▓▓▓▓▓▒▒▒▒▓▓▓▒▒▒▒▒▒▓▒░░▒▒▒▒▒▒░░░▒▒▒▒▒░ │
│ M ui/Sidebar.tsx                       +28 −12 ││ ▓▓▓▓▓▓▓▓▓▓▓▓▓▓▓▓▓▓▓▒▓▓▓▓▓▓▒▒▒▓▓▓▓▓▒▒▒▒▓▓▓▓▒▒▒▒▓▓▓▒▒▒▒▒▒▒▒▒░▒▒▒▒▒▒▒░░▒▒▒▒▒▒░░ │
│ + ui/Mascot.tsx                            +47 ││ ▓▓▓▓▓▓▓▓▓▓▓▓▓▓▓▓▓▒▓▓▓▓▓▓▓▒▒▒▓▓▓▓▓▒▒▒▓▓▓▓▓▒▒▒▒▓▓▓▒▒▒▒▒▒▒▒░░▒▒▒▒▒▒░░░▒▒▒▒▒░░░░ │
│ M package.json                              +2 ││ ▓▓▓▓▓▓▓▓▓▓▓▓▓▓▓▓▒▓▓▓▓▓▓▒▒▒▓▓▓▓▓▒▒▒▒▓▓▓▓▒▒▒▒▒▓▓▒▒▒▒▒▒▒▒▒░░▒▒▒▒▒▒░░░▒▒▒▒▒░░░▒▒ │
│ ····················                           ││ ▓▓▓▓▓▓▓▓▓▓▓▓▓▓▒▒▓▓▓▓▓▓▒▒▒▓▓▓▓▓▒▒▒▒▓▓▓▓▒▒▒▒▓▓▓▒▒▒▒▒▒▒▒░░▒▒▒▒▒▒░░░▒▒▒▒▒░░░░▒▒▒ │
│ tree                                           ││ ▓▓▓▓▓▓▓▓▓▓▓▓▓▒▒▓▓▓▓▓▒▒▒▓▓▓▓▓▒▒▒▒▓▓▓▓▒▒▒▒▒▓▓▒░▒▒▒▒▒▒▒░░▒▒▒▒▒▒░░░▒▒▒▒▒░░░░▒▒▒░ │
│ ▶ src                                          ││ ▓▓▓▒▓▓▓▓▓▓▓▒▒▓▓▓▓▓▓▒▒▒▓▓▓▓▓▒▒▒▒▓▓▓▒▒▒▒▒▒▓▒▒▒▒▒▒▒▒▒░░░▒▒▒▒▒░░░▒▒▒▒▒░░░░▒▒▒░░░ │
│ ▶ tests                                        ││ ▓▓▒▓▓▓▓▓▓▓▒▒▓▓▓▓▓▒▒▒▒▓▓▓▓▒▒▒▒▓▓▓▓▒▒▒▒▒▓▓▒░▒▒▒▒▒▒▒░░▒▒▒▒▒▒░░░▒▒▒▒▒░░░░▒▒▒░░░░ │
│ ▶ public                                       ││ ▒▓▓▓▓▓▓▓▒▒▓▓▓▓▓▓▒▒▒▓▓▓▓▓▒▒▒▒▓▓▓▒▒▒▒▒▒▓▒▒░▒▒▒▒▒▒░░░▒▒▒▒▒░░░░▒▒▒▒░░░░▒▒▒░░░░░░ │
│   ▤ README.md                                  ││ ▓▓▓▓▓▓▓▒▒▓▓▓▓▓▒▒▒▒▓▓▓▓▒▒▒▒▒▓▓▓▒▒▒▒▒▒▒▒░░▒▒▒▒▒▒░░░▒▒▒▒▒░░░▒▒▒▒▒░░░░▒▒▒░░░░░░░ │
│ M ◇ package.json                               ││ ▓▓▓▓▓▒▒▒▓▓▓▓▓▒▒▒▓▓▓▓▓▒▒▒▒▓▓▓▒▒▒▒▒▒▒▒▒░▒▒▒▒▒▒░░░▒▒▒▒▒░░░░▒▒▒▒░░░░░▒▒░░░░░░░░░ │
│   ◇ tsconfig.json                              ││ ▓▓▓▓▒▒▓▓▓▓▓▒▒▒▒▓▓▓▓▒▒▒▒▒▓▓▒▒▒▒▒▒▒▒▒░░▒▒▒▒▒▒░░░▒▒▒▒▒░░░░▒▒▒░░░░░▒▒░ ░░░░░░░   │
│   ◇ .gitignore                                 ││ ▓▓▒▒▒▓▓▓▓▓▒▒▒▒▓▓▓▓▒▒▒▒▒▓▓▒▒▒▒▒▒▒▒▒░░▒▒▒▒▒░░░▒▒▒▒▒░░░░▒▒▒▒░░░░░▒▒░ ░░░░░░░  ░ │
│   ◆ vite.config.ts                             ││ ▓▒▒▒▓▓▓▓▒▒▒▒▓▓▓▓▒▒▒▒▒▓▓▒░▒▒▒▒▒▒▒░░▒▒▒▒▒▒░░░▒▒▒▒▒░░░░▒▒▒░░░░░░▒░ ░░░░░░░   ░░ │
│                                                ││ ▒▒▓▓▓▓▓▒▒▒▒▓▓▓▒▒▒▒▒▒▓▒▒░▒▒▒▒▒▒▒░░▒▒▒▒▒░░░░▒▒▒▒░░░░▒▒▒▒░░░░░▒░░ ░░░░░░░  ░░░░ │
│                                                ││ ▒▓▓▓▓▒▒▒▒▒▓▓▓▒▒▒▒▒▒▓▒░▒▒▒▒▒▒▒░░▒▒▒▒▒▒░░░▒▒▒▒▒░░░░▒▒▒░░░░░░░░  ░░░░░░   ░░░░░ │
│                                                ││ ▓▓▓▓▒▒▒▒▓▓▓▒▒▒▒▒▒▓▒▒░▒▒▒▒▒▒▒░░▒▒▒▒▒░░░░▒▒▒▒░░░░░▒▒░░░░░░░░░  ░░░░░░   ░░░░░  │
│                                                ││ ▓▓▒▒▒▒▒▓▓▓▒▒▒▒▒▒▒▒░░▒▒▒▒▒▒░░░▒▒▒▒▒░░░▒▒▒▒▒░░░░▒▒▒░░░░░░░░  ░░░░░░   ░░░░░    │
│                                                ││ ▓▒▒▒▒▓▓▓▒▒▒▒▒▒▒▒▒░▒▒▒▒▒▒▒░░▒▒▒▒▒░░░░▒▒▒▒░░░░░▒▒░ ░░░░░░░  ░░░░░░   ░░░░░     │
╰────────────────────────────────────────────────╯│ ▒▒▒▒▓▓▒░▒▒▒▒▒▒▒░░▒▒▒▒▒▒░░░▒▒▒▒▒░░░░▒▒▒░░░░░░▒░░░░░░░░░   ░░░░░   ░░░░░    ░░ │
╭ servers ──────────────────────────────── 5 / 7 ╮│ ▒▒▒▓▓▒▒▒▒▒▒▒▒▒░░▒▒▒▒▒▒░░░▒▒▒▒░░░░▒▒▒▒░░░░░▒▒░ ░░░░░░░  ░░░░░░   ░░░░░    ░░░ │
│ mcps · 3 / 4                                   ││ ▒▓▓▒░▒▒▒▒▒▒▒░░▒▒▒▒▒▒░░░▒▒▒▒▒░░░░▒▒▒░░░░░░▒░░ ░░░░░░   ░░░░░    ░░░░    ░░░   │
│ ● filesystem                                12 ││ ▓▒▒░▒▒▒▒▒▒▒░░▒▒▒▒▒▒░░░▒▒▒▒░░░░░▒▒▒░░░░░░░░ ░░░░░░░  ░░░░░░   ░░░░░    ░░░    │
│ ● github                                     8 ││ ▒░░▒▒▒▒▒▒░░░▒▒▒▒▒░░░▒▒▒▒▒░░░░▒▒▒░░░░░░░░░ ░░░░░░   ░░░░░    ░░░░     ░░      │
│ ● memory                                     3 ││ ░▒▒▒▒▒▒▒░░▒▒▒▒▒▒░░░▒▒▒▒░░░░░▒▒░░░░░░░░░  ░░░░░░   ░░░░░   ░░░░░    ░░░       │
│     + 1 more                                   ││ ▒▒▒▒▒▒░░░▒▒▒▒▒░░░░▒▒▒▒░░░░▒▒▒░░░░░░░░░ ░░░░░░   ░░░░░    ░░░░     ░░         │
│ ················                               ││ ▒▒▒▒▒░░░▒▒▒▒▒░░░▒▒▒▒░░░░░▒▒░ ░░░░░░░  ░░░░░░   ░░░░░    ░░░      ░           │
│ lsps · 2 / 3                                   ││ ▒▒▒░░░▒▒▒▒▒░░░░▒▒▒▒░░░░░▒▒░ ░░░░░░░  ░░░░░    ░░░░    ░░░░     ░░            │
│ ● tsserver                                     ││ ▒▒░░░▒▒▒▒▒░░░░▒▒▒░░░░░▒▒░ ░░░░░░░  ░░░░░░   ░░░░░    ░░░      ░              │
│ ● rust-analyzer                                ││ ░░░▒▒▒▒▒░░░░▒▒▒░░░░░░▒░░ ░░░░░░░  ░░░░░    ░░░░     ░░░                      │
│ ● pylsp                                        ││                                                                              │
│                                                ││                                                                              │
╰────────────────────────────────────────────────╯╰──────────────────────────────────────────────────────────────────────────────╯
──────────────────────────────────────────────────────────────────────────────────────────────────────────────────────────────────
 h commands                                                                                                          v0.6.0-proto 